/Users/jin/Projects/microduck-build/microduck-lab/microduck_rl/.venv/lib/python3.12/site-packages/tyro/_parsers.py:353: UserWarning: The field `env.scene.entities.robot.collisions.0.geom-names-expr` is annotated with type `tuple[str, ...]`, but the default value `['.*_collision']` has type `<class 'list'>`. We'll try to handle this gracefully, but it may cause unexpected behavior.
  warnings.warn(message)
/Users/jin/Projects/microduck-build/microduck-lab/microduck_rl/.venv/lib/python3.12/site-packages/tyro/_resolver.py:600: TyroWarning: <class 'list'> does not match any type in Union: [<class 'str'>, <class 'tuple'>, <class 'NoneType'>]
  warnings.warn(
/Users/jin/Projects/microduck-build/microduck-lab/microduck_rl/.venv/lib/python3.12/site-packages/mjlab/entity/entity.py:149: UserWarning: Actuator config matched 14 joint(s) but the same expressions also match 7 site(s): imu, left_foot, head_camera, tof, head_imu, mouth_tip, right_foot. Add a separate config with transmission_type=TransmissionType.SITE if those should be actuated too.
  self._add_actuators()
[mdp] Patches 1-2 active: NaN-safe reward/advantage
[mdp] Patch 4 active: ONNX export filters passive_* joints
[INFO] Training with: device=cpu, seed=42, rank=0
[INFO] Logging experiment in directory: logs/rsl_rl/velocity/2026-09-16_21-42-18_velocity
Setting seed: 42
Warp 1.12.0 initialized:
   CUDA not enabled in this build
   Devices:
     "cpu"      : "arm"
   Kernel cache:
     /Users/jin/Library/Caches/warp/1.12.0
[BamActuator] model='m6' joints=14 kt=0.3660 R=2.8114 vin=range=(6.5, 8.2) drop_gain_range=(0.0, 0.2) force_limit=±1.07Nm friction_base=0.0048 friction_viscous=0.0054 envs=2048 device=cpu
Module mujoco_warp._src.render_util 3cd330a load on device 'cpu' took 0.45 ms  (cached)
Module mujoco_warp._src.bvh e843d00 load on device 'cpu' took 0.18 ms  (cached)

+--------------------------------+
|        Base Environment        |
+------------------------+-------+
| Property               | Value |
+------------------------+-------+
| Number of environments | 2048  |
| Environment device     | cpu   |
| Environment seed       | 42    |
| Physics step-size      | 0.005 |
| Environment step-size  | 0.02  |
+------------------------+-------+

[INFO] <EventManager> contains 3 active terms.
+-------------------------------------+
| Active Event Terms in Mode: 'reset' |
+-------+-----------------------------+
| Index | Name                        |
+-------+-----------------------------+
|   0   | reset_base                  |
|   1   | reset_robot_joints          |
|   2   | reset_action_history        |
|   3   | randomize_com               |
|   4   | randomize_head_com          |
|   5   | randomize_joint_friction    |
|   6   | randomize_armature          |
+-------+-----------------------------+
+----------------------------------------------+
|    Active Event Terms in Mode: 'interval'    |
+-------+------------+-------------------------+
| Index | Name       | Interval time range (s) |
+-------+------------+-------------------------+
|   0   | push_robot |        (3.0, 6.0)       |
+-------+------------+-------------------------+
+---------------------------------------+
| Active Event Terms in Mode: 'startup' |
+-------+-------------------------------+
| Index | Name                          |
+-------+-------------------------------+
|   0   | foot_friction                 |
|   1   | encoder_bias                  |
|   2   | base_com                      |
|   3   | expand_bam_friction_fields    |
|   4   | randomize_mass_inertia        |
+-------+-------------------------------+
+-----------------------------+
| Domain Randomization Fields |
+-------+---------------------+
| Index | Field Name          |
+-------+---------------------+
|   0   | geom_friction       |
|   1   | body_ipos           |
|   2   | body_subtreemass    |
|   3   | dof_invweight0      |
|   4   | body_invweight0     |
|   5   | tendon_length0      |
|   6   | tendon_invweight0   |
|   7   | dof_frictionloss    |
|   8   | dof_damping         |
|   9   | body_mass           |
|   10  | body_inertia        |
|   11  | body_iquat          |
|   12  | dof_armature        |
+-------+---------------------+

Module repeat_array_kernel_39317a34 8b94c13 load on device 'cpu' took 0.09 ms  (cached)
Module repeat_array_kernel_39317a34 83c495b load on device 'cpu' took 0.08 ms  (cached)
Module repeat_array_kernel_39317a34 024b13f load on device 'cpu' took 0.07 ms  (cached)
Module repeat_array_kernel_39317a34 c14a6b4 load on device 'cpu' took 0.07 ms  (cached)
[INFO] <CommandManager> contains 3 active terms.
+------------------------------------------------+
|              Active Command Terms              |
+-------+-----------+----------------------------+
| Index | Name      |            Type            |
+-------+-----------+----------------------------+
|   0   | twist     | VelocityCommandCommandOnly |
|   1   | head_pose |     UniformPoseCommand     |
|   2   | body_pose |     UniformPoseCommand     |
+-------+-----------+----------------------------+

[INFO] <ActionManager> contains 1 active terms.
+---------------------------------+
| Active Action Terms (shape: 14) |
+-------+-----------+-------------+
| Index | Name      |   Dimension |
+-------+-----------+-------------+
|   0   | joint_pos |          14 |
+-------+-----------+-------------+

[INFO] <ObservationManager> contains 2 groups.
+-----------------------------------------------------------+
| Active Observation Terms in Group: 'actor' (shape: (61,)) |
+-----------+----------------------------------+------------+
|   Index   | Name                             |   Shape    |
+-----------+----------------------------------+------------+
|     0     | base_ang_vel                     |    (3,)    |
|     1     | projected_gravity                |    (3,)    |
|     2     | joint_pos                        |   (14,)    |
|     3     | joint_vel                        |   (14,)    |
|     4     | actions                          |   (14,)    |
|     5     | command                          |    (3,)    |
|     6     | head_command                     |    (4,)    |
|     7     | body_command                     |    (6,)    |
+-----------+----------------------------------+------------+
+------------------------------------------------------------+
| Active Observation Terms in Group: 'critic' (shape: (76,)) |
+----------+------------------------------------+------------+
|  Index   | Name                               |   Shape    |
+----------+------------------------------------+------------+
|    0     | base_lin_vel                       |    (3,)    |
|    1     | base_ang_vel                       |    (3,)    |
|    2     | projected_gravity                  |    (3,)    |
|    3     | joint_pos                          |   (14,)    |
|    4     | joint_vel                          |   (14,)    |
|    5     | actions                            |   (14,)    |
|    6     | command                            |    (3,)    |
|    7     | foot_height                        |    (2,)    |
|    8     | foot_air_time                      |    (2,)    |
|    9     | foot_contact                       |    (2,)    |
|    10    | foot_contact_forces                |    (6,)    |
|    11    | head_command                       |    (4,)    |
|    12    | body_command                       |    (6,)    |
+----------+------------------------------------+------------+

[INFO] <TerminationManager> contains 4 active terms.
+------------------------------------------+
|         Active Termination Terms         |
+-------+-----------------------+----------+
| Index | Name                  | Time Out |
+-------+-----------------------+----------+
|   0   | time_out              |   True   |
|   1   | fell_over             |  False   |
|   2   | out_of_terrain_bounds |   True   |
|   3   | nan_state             |  False   |
+-------+-----------------------+----------+

[INFO] <RewardManager> contains 16 active terms.
+-----------------------------------------+
|           Active Reward Terms           |
+-------+------------------------+--------+
| Index | Name                   | Weight |
+-------+------------------------+--------+
|   0   | track_linear_velocity  |    2.0 |
|   1   | track_angular_velocity |    2.0 |
|   2   | upright                |    2.0 |
|   3   | pose                   |    1.0 |
|   4   | body_ang_vel           |  -0.05 |
|   5   | angular_momentum       |  -0.02 |
|   6   | dof_pos_limits         |   -1.0 |
|   7   | action_rate_l2         |   -0.1 |
|   8   | air_time               |    3.0 |
|   9   | foot_clearance         |   -2.0 |
|   10  | foot_swing_height      |  -0.25 |
|   11  | foot_slip              |   -0.1 |
|   12  | self_collisions        |   -1.0 |
|   13  | head_pose_tracking     |    2.0 |
|   14  | body_pose_tracking     |    0.0 |
|   15  | head_pose_bias         |    0.0 |
+-------+------------------------+--------+

[INFO] <CurriculumManager> contains 7 active terms.
+-------------------------------+
|    Active Curriculum Terms    |
+-------+-----------------------+
| Index | Name                  |
+-------+-----------------------+
|   0   | action_rate_weight    |
|   1   | standing_envs         |
|   2   | head_pose_range       |
|   3   | body_pose_range       |
|   4   | com_range             |
|   5   | head_com_range        |
|   6   | head_pose_bias_weight |
+-------+-----------------------+
wandb: WARNING `start_method` is deprecated and will be removed in a future version of wandb. This setting is currently non-functional and safely ignored.

[INFO] <MetricsManager> contains 1 active terms.
+-------------------------+
|   Active Metrics Terms  |
+-------+-----------------+
| Index | Name            |
+-------+-----------------+
|   0   | mean_action_acc |
+-------+-----------------+

[INFO] <NullRecorderManager> (inactive)
Module mujoco_warp._src.io 0374352 load on device 'cpu' took 0.22 ms  (cached)
Module mujoco_warp._src.smooth 8731313 load on device 'cpu' took 0.19 ms  (cached)
Module _tile_cholesky_factorize__locals__cholesky_factorize_a02b7349 70689db load on device 'cpu' took 0.18 ms  (cached)
Module _tile_cholesky_solve__locals__cholesky_solve_8c82e9f1 b8f2819 load on device 'cpu' took 0.12 ms  (cached)
Module reset_data__locals__reset_xfrc_applied_e7898c5c 1f5e12c load on device 'cpu' took 0.15 ms  (cached)
Module reset_data__locals__reset_qM_10d3c793 f59ca3c load on device 'cpu' took 0.08 ms  (cached)
Module reset_data__locals__reset_mocap_ff71f630 d0e4e7e load on device 'cpu' took 0.07 ms  (cached)
Module reset_data__locals__reset_contact_df686d47 3af0a2f load on device 'cpu' took 0.07 ms  (cached)
Module reset_data__locals__reset_nworld_6e0d904e aef9a67 load on device 'cpu' took 0.07 ms  (cached)
Module mujoco_warp._src.collision_driver eed4cf3 load on device 'cpu' took 0.21 ms  (cached)
Module _nxn_broadphase__locals__kernel_e73b1315 157cf89 load on device 'cpu' took 0.09 ms  (cached)
Module ccd_kernel_builder__locals__ccd_kernel_079dfa94 f710486 load on device 'cpu' took 0.16 ms  (cached)
Module _primitive_narrowphase__locals__primitive_narrowphase_b282a07a b20db85 load on device 'cpu' took 0.12 ms  (cached)
Module mujoco_warp._src.constraint 02b3f03 load on device 'cpu' took 0.12 ms  (cached)
Module _efc_contact_init__locals__kernel_fda71e14 d197232 load on device 'cpu' took 0.12 ms  (cached)
Module _efc_contact_jac_dense__locals__kernel_7974b597 a581aa2 load on device 'cpu' took 0.11 ms  (cached)
Module _efc_contact_update__locals__kernel_90315d53 49b5115 load on device 'cpu' took 0.08 ms  (cached)
Module mujoco_warp._src.sensor 93435cc load on device 'cpu' took 0.11 ms  (cached)
Module mujoco_warp._src.forward 5dcb54e load on device 'cpu' took 0.10 ms  (cached)
Module mujoco_warp._src.passive 12b3435 load on device 'cpu' took 0.10 ms  (cached)
Module mujoco_warp._src.support fda47c6 load on device 'cpu' took 0.09 ms  (cached)
Module _tile_cholesky_factorize_solve__locals__cholesky_factorize_solve_b16bf393 cd62458 load on device 'cpu' took 0.09 ms  (cached)
Module mujoco_warp._src.solver 2f1f5c6 load on device 'cpu' took 0.11 ms  (cached)
Module solve_init_jaref__locals__kernel_5208712d fbe27e4 load on device 'cpu' took 0.08 ms  (cached)
Module mul_m_dense__locals___mul_m_dense_b66df345 db44421 load on device 'cpu' took 0.08 ms  (cached)
Module update_constraint_efc__locals__kernel_32935e9d 7127a83 load on device 'cpu' took 0.08 ms  (cached)
Module update_constraint_gauss_cost__locals__kernel_baf8e129 efdabd1 load on device 'cpu' took 0.09 ms  (cached)
Module update_gradient_JTDAJ_dense_tiled__locals__kernel_9404d42c 6b42f96 load on device 'cpu' took 0.09 ms  (cached)
Module update_gradient_cholesky__locals__kernel_5ee47d83 702e3ec load on device 'cpu' took 0.08 ms  (cached)
Module linesearch_jv_fused__locals__kernel_7bf09094 6b3208c load on device 'cpu' took 0.08 ms  (cached)
Module linesearch_prepare_gauss__locals__kernel_97347d38 0cadf6d load on device 'cpu' took 0.07 ms  (cached)
Module update_constraint_efc__locals__kernel_3c1a9816 0242ddf load on device 'cpu' took 0.08 ms  (cached)
Module _contact_sort__locals__contact_sort_304c86df 71fdfff load on device 'cpu' took 1.44 ms  (cached)
Module mujoco_warp._src.ray abbcfd9 load on device 'cpu' took 7.66 ms  (cached)
--------------------------------------------------------------------------------
Resolved observation sets: 
	 actor :  ('actor',)
	 critic :  ('critic',)
--------------------------------------------------------------------------------
Actor Model: MLPModel(
  (obs_normalizer): EmpiricalNormalization()
  (distribution): GaussianDistribution()
  (mlp): MLP(
    (0): Linear(in_features=61, out_features=512, bias=True)
    (1): ELU(alpha=1.0)
    (2): Linear(in_features=512, out_features=256, bias=True)
    (3): ELU(alpha=1.0)
    (4): Linear(in_features=256, out_features=128, bias=True)
    (5): ELU(alpha=1.0)
    (6): Linear(in_features=128, out_features=14, bias=True)
  )
)
Critic Model: MLPModel(
  (obs_normalizer): EmpiricalNormalization()
  (mlp): MLP(
    (0): Linear(in_features=76, out_features=512, bias=True)
    (1): ELU(alpha=1.0)
    (2): Linear(in_features=512, out_features=256, bias=True)
    (3): ELU(alpha=1.0)
    (4): Linear(in_features=256, out_features=128, bias=True)
    (5): ELU(alpha=1.0)
    (6): Linear(in_features=128, out_features=1, bias=True)
  )
)
Storing git diff for 'microduck_rl' in: logs/rsl_rl/velocity/2026-09-16_21-42-18_velocity/git/microduck_rl.diff
Module mujoco_warp._src.derivative 77f0d4f load on device 'cpu' took 0.29 ms  (cached)
################################################################################
[1m                            Learning iteration 0/10                             [0m 

                               Run name: velocity
                            Total steps: 49152 
                       Steps per second: 919 
                        Collection time: 52.597s 
                          Learning time: 0.840s 
                        Mean value loss: 0.0375
                    Mean surrogate loss: -0.0026
                      Mean entropy loss: 19.8163
                            Mean reward: -0.05
                    Mean episode length: 23.62
                        Mean action std: 1.00
   Episode_Reward/track_linear_velocity: 0.0100
  Episode_Reward/track_angular_velocity: 0.0012
                 Episode_Reward/upright: 0.0141
                    Episode_Reward/pose: 0.0048
            Episode_Reward/body_ang_vel: -0.0070
        Episode_Reward/angular_momentum: -0.0000
          Episode_Reward/dof_pos_limits: -0.0001
          Episode_Reward/action_rate_l2: -0.0336
                Episode_Reward/air_time: 0.0021
          Episode_Reward/foot_clearance: -0.0001
       Episode_Reward/foot_swing_height: -0.0006
               Episode_Reward/foot_slip: -0.0000
         Episode_Reward/self_collisions: -0.0001
      Episode_Reward/head_pose_tracking: 0.0216
      Episode_Reward/body_pose_tracking: 0.0000
          Episode_Reward/head_pose_bias: 0.0000
        Episode_Metrics/mean_action_acc: 1.7455
          Curriculum/action_rate_weight: -0.1000
               Curriculum/standing_envs: 0.0200
             Curriculum/head_pose_range: 0.0700
             Curriculum/body_pose_range: 0.0500
                   Curriculum/com_range: 0.0030
              Curriculum/head_com_range: 0.0030
       Curriculum/head_pose_bias_weight: 0.0000
             Metrics/twist/error_vel_xy: 0.0093
            Metrics/twist/error_vel_yaw: 0.0578
           Episode_Termination/time_out: 2.5833
          Episode_Termination/fell_over: 7.4583
Episode_Termination/out_of_terrain_bounds: 0.0000
          Episode_Termination/nan_state: 0.0000
          Metrics/angular_momentum_mean: 0.0085
                  Metrics/air_time_mean: 0.0513
               Metrics/peak_height_mean: 0.0060
             Metrics/slip_velocity_mean: 0.0910
--------------------------------------------------------------------------------
                         Iteration time: 53.44s
                           Time elapsed: 00:00:53
                                    ETA: 00:08:00

################################################################################
[1m                            Learning iteration 1/10                             [0m 

                               Run name: velocity
                            Total steps: 98304 
                       Steps per second: 914 
                        Collection time: 52.856s 
                          Learning time: 0.862s 
                        Mean value loss: 0.0408
                    Mean surrogate loss: -0.0068
                      Mean entropy loss: 19.7858
                            Mean reward: 0.24
                    Mean episode length: 38.05
                        Mean action std: 0.99
   Episode_Reward/track_linear_velocity: 0.0259
  Episode_Reward/track_angular_velocity: 0.0020
                 Episode_Reward/upright: 0.0263
                    Episode_Reward/pose: 0.0080
            Episode_Reward/body_ang_vel: -0.0242
        Episode_Reward/angular_momentum: -0.0000
          Episode_Reward/dof_pos_limits: -0.0006
          Episode_Reward/action_rate_l2: -0.0955
                Episode_Reward/air_time: 0.0100
          Episode_Reward/foot_clearance: -0.0003
       Episode_Reward/foot_swing_height: -0.0016
               Episode_Reward/foot_slip: -0.0001
         Episode_Reward/self_collisions: -0.0001
      Episode_Reward/head_pose_tracking: 0.0570
      Episode_Reward/body_pose_tracking: 0.0000
          Episode_Reward/head_pose_bias: 0.0000
        Episode_Metrics/mean_action_acc: 1.9064
          Curriculum/action_rate_weight: -0.1000
               Curriculum/standing_envs: 0.0200
             Curriculum/head_pose_range: 0.0700
             Curriculum/body_pose_range: 0.0500
                   Curriculum/com_range: 0.0030
              Curriculum/head_com_range: 0.0030
       Curriculum/head_pose_bias_weight: 0.0000
             Metrics/twist/error_vel_xy: 0.0295
            Metrics/twist/error_vel_yaw: 0.1718
           Episode_Termination/time_out: 0.8750
          Episode_Termination/fell_over: 71.8750
Episode_Termination/out_of_terrain_bounds: 0.0000
          Episode_Termination/nan_state: 0.0000
          Metrics/angular_momentum_mean: 0.0111
                  Metrics/air_time_mean: 0.0554
               Metrics/peak_height_mean: 0.0107
             Metrics/slip_velocity_mean: 0.1003
--------------------------------------------------------------------------------
                         Iteration time: 53.72s
                           Time elapsed: 00:01:47
                                    ETA: 00:07:08

################################################################################
[1m                            Learning iteration 2/10                             [0m 

                               Run name: velocity
                            Total steps: 147456 
                       Steps per second: 912 
                        Collection time: 52.995s 
                          Learning time: 0.869s 
                        Mean value loss: 0.0443
                    Mean surrogate loss: -0.0081
                      Mean entropy loss: 19.7291
                            Mean reward: 0.19
                    Mean episode length: 36.28
                        Mean action std: 0.99
   Episode_Reward/track_linear_velocity: 0.0240
  Episode_Reward/track_angular_velocity: 0.0019
                 Episode_Reward/upright: 0.0257
                    Episode_Reward/pose: 0.0079
            Episode_Reward/body_ang_vel: -0.0242
        Episode_Reward/angular_momentum: -0.0000
          Episode_Reward/dof_pos_limits: -0.0006
          Episode_Reward/action_rate_l2: -0.0914
                Episode_Reward/air_time: 0.0107
          Episode_Reward/foot_clearance: -0.0003
       Episode_Reward/foot_swing_height: -0.0017
               Episode_Reward/foot_slip: -0.0001
         Episode_Reward/self_collisions: -0.0002
      Episode_Reward/head_pose_tracking: 0.0556
      Episode_Reward/body_pose_tracking: 0.0000
          Episode_Reward/head_pose_bias: 0.0000
        Episode_Metrics/mean_action_acc: 1.8866
          Curriculum/action_rate_weight: -0.1000
               Curriculum/standing_envs: 0.0200
             Curriculum/head_pose_range: 0.0700
             Curriculum/body_pose_range: 0.0500
                   Curriculum/com_range: 0.0030
              Curriculum/head_com_range: 0.0030
       Curriculum/head_pose_bias_weight: 0.0000
             Metrics/twist/error_vel_xy: 0.0299
            Metrics/twist/error_vel_yaw: 0.1683
           Episode_Termination/time_out: 0.0833
          Episode_Termination/fell_over: 63.2917
Episode_Termination/out_of_terrain_bounds: 0.0000
          Episode_Termination/nan_state: 0.0000
          Metrics/angular_momentum_mean: 0.0119
                  Metrics/air_time_mean: 0.0591
               Metrics/peak_height_mean: 0.0109
             Metrics/slip_velocity_mean: 0.1022
--------------------------------------------------------------------------------
                         Iteration time: 53.86s
                           Time elapsed: 00:02:41
                                    ETA: 00:06:15

################################################################################
[1m                            Learning iteration 3/10                             [0m 

                               Run name: velocity
                            Total steps: 196608 
                       Steps per second: 907 
                        Collection time: 53.295s 
                          Learning time: 0.856s 
                        Mean value loss: 0.0436
                    Mean surrogate loss: -0.0060
                      Mean entropy loss: 19.6787
                            Mean reward: 0.24
                    Mean episode length: 35.00
                        Mean action std: 0.98
   Episode_Reward/track_linear_velocity: 0.0252
  Episode_Reward/track_angular_velocity: 0.0019
                 Episode_Reward/upright: 0.0273
                    Episode_Reward/pose: 0.0083
            Episode_Reward/body_ang_vel: -0.0244
        Episode_Reward/angular_momentum: -0.0000
          Episode_Reward/dof_pos_limits: -0.0006
          Episode_Reward/action_rate_l2: -0.0929
                Episode_Reward/air_time: 0.0115
          Episode_Reward/foot_clearance: -0.0003
       Episode_Reward/foot_swing_height: -0.0017
               Episode_Reward/foot_slip: -0.0001
         Episode_Reward/self_collisions: -0.0003
      Episode_Reward/head_pose_tracking: 0.0575
      Episode_Reward/body_pose_tracking: 0.0000
          Episode_Reward/head_pose_bias: 0.0000
        Episode_Metrics/mean_action_acc: 1.8717
          Curriculum/action_rate_weight: -0.1000
               Curriculum/standing_envs: 0.0200
             Curriculum/head_pose_range: 0.0700
             Curriculum/body_pose_range: 0.0500
                   Curriculum/com_range: 0.0030
              Curriculum/head_com_range: 0.0030
       Curriculum/head_pose_bias_weight: 0.0000
             Metrics/twist/error_vel_xy: 0.0307
            Metrics/twist/error_vel_yaw: 0.1758
           Episode_Termination/time_out: 0.0000
          Episode_Termination/fell_over: 54.2917
Episode_Termination/out_of_terrain_bounds: 0.0000
          Episode_Termination/nan_state: 0.0000
          Metrics/angular_momentum_mean: 0.0115
                  Metrics/air_time_mean: 0.0602
               Metrics/peak_height_mean: 0.0104
             Metrics/slip_velocity_mean: 0.1009
--------------------------------------------------------------------------------
                         Iteration time: 54.15s
                           Time elapsed: 00:03:35
                                    ETA: 00:05:22

################################################################################
[1m                            Learning iteration 4/10                             [0m 

                               Run name: velocity
                            Total steps: 245760 
                       Steps per second: 892 
                        Collection time: 54.181s 
                          Learning time: 0.864s 
                        Mean value loss: 0.0425
                    Mean surrogate loss: -0.0075
                      Mean entropy loss: 19.6171
                            Mean reward: 0.28
                    Mean episode length: 36.83
                        Mean action std: 0.98
   Episode_Reward/track_linear_velocity: 0.0259
  Episode_Reward/track_angular_velocity: 0.0020
                 Episode_Reward/upright: 0.0292
                    Episode_Reward/pose: 0.0086
            Episode_Reward/body_ang_vel: -0.0243
        Episode_Reward/angular_momentum: -0.0000
          Episode_Reward/dof_pos_limits: -0.0006
          Episode_Reward/action_rate_l2: -0.0944
                Episode_Reward/air_time: 0.0118
          Episode_Reward/foot_clearance: -0.0004
       Episode_Reward/foot_swing_height: -0.0018
               Episode_Reward/foot_slip: -0.0001
         Episode_Reward/self_collisions: -0.0004
      Episode_Reward/head_pose_tracking: 0.0597
      Episode_Reward/body_pose_tracking: 0.0000
          Episode_Reward/head_pose_bias: 0.0000
        Episode_Metrics/mean_action_acc: 1.8551
          Curriculum/action_rate_weight: -0.1000
               Curriculum/standing_envs: 0.0200
             Curriculum/head_pose_range: 0.0700
             Curriculum/body_pose_range: 0.0500
                   Curriculum/com_range: 0.0030
              Curriculum/head_com_range: 0.0030
       Curriculum/head_pose_bias_weight: 0.0000
             Metrics/twist/error_vel_xy: 0.0316
            Metrics/twist/error_vel_yaw: 0.1807
           Episode_Termination/time_out: 0.0000
          Episode_Termination/fell_over: 56.3750
Episode_Termination/out_of_terrain_bounds: 0.0000
          Episode_Termination/nan_state: 0.0000
          Metrics/angular_momentum_mean: 0.0115
                  Metrics/air_time_mean: 0.0610
               Metrics/peak_height_mean: 0.0110
             Metrics/slip_velocity_mean: 0.1033
--------------------------------------------------------------------------------
                         Iteration time: 55.04s
                           Time elapsed: 00:04:30
                                    ETA: 00:04:30

################################################################################
[1m                            Learning iteration 5/10                             [0m 

                               Run name: velocity
                            Total steps: 294912 
                       Steps per second: 883 
                        Collection time: 54.793s 
                          Learning time: 0.862s 
                        Mean value loss: 0.0365
                    Mean surrogate loss: -0.0086
                      Mean entropy loss: 19.5318
                            Mean reward: 0.43
                    Mean episode length: 38.01
                        Mean action std: 0.97
   Episode_Reward/track_linear_velocity: 0.0261
  Episode_Reward/track_angular_velocity: 0.0020
                 Episode_Reward/upright: 0.0294
                    Episode_Reward/pose: 0.0087
            Episode_Reward/body_ang_vel: -0.0238
        Episode_Reward/angular_momentum: -0.0000
          Episode_Reward/dof_pos_limits: -0.0006
          Episode_Reward/action_rate_l2: -0.0924
                Episode_Reward/air_time: 0.0125
          Episode_Reward/foot_clearance: -0.0004
       Episode_Reward/foot_swing_height: -0.0019
               Episode_Reward/foot_slip: -0.0001
         Episode_Reward/self_collisions: -0.0005
      Episode_Reward/head_pose_tracking: 0.0596
      Episode_Reward/body_pose_tracking: 0.0000
          Episode_Reward/head_pose_bias: 0.0000
        Episode_Metrics/mean_action_acc: 1.8387
          Curriculum/action_rate_weight: -0.1000
               Curriculum/standing_envs: 0.0200
             Curriculum/head_pose_range: 0.0700
             Curriculum/body_pose_range: 0.0500
                   Curriculum/com_range: 0.0030
              Curriculum/head_com_range: 0.0030
       Curriculum/head_pose_bias_weight: 0.0000
             Metrics/twist/error_vel_xy: 0.0313
            Metrics/twist/error_vel_yaw: 0.1821
           Episode_Termination/time_out: 0.0000
          Episode_Termination/fell_over: 59.7500
Episode_Termination/out_of_terrain_bounds: 0.0000
          Episode_Termination/nan_state: 0.0000
          Metrics/angular_momentum_mean: 0.0119
                  Metrics/air_time_mean: 0.0642
               Metrics/peak_height_mean: 0.0112
             Metrics/slip_velocity_mean: 0.1040
--------------------------------------------------------------------------------
                         Iteration time: 55.65s
                           Time elapsed: 00:05:25
                                    ETA: 00:03:37

################################################################################
[1m                            Learning iteration 6/10                             [0m 

                               Run name: velocity
                            Total steps: 344064 
                       Steps per second: 898 
                        Collection time: 53.833s 
                          Learning time: 0.866s 
                        Mean value loss: 0.0372
                    Mean surrogate loss: -0.0081
                      Mean entropy loss: 19.4398
                            Mean reward: 0.41
                    Mean episode length: 34.93
                        Mean action std: 0.97
   Episode_Reward/track_linear_velocity: 0.0260
  Episode_Reward/track_angular_velocity: 0.0019
                 Episode_Reward/upright: 0.0288
                    Episode_Reward/pose: 0.0087
            Episode_Reward/body_ang_vel: -0.0236
        Episode_Reward/angular_momentum: -0.0000
          Episode_Reward/dof_pos_limits: -0.0006
          Episode_Reward/action_rate_l2: -0.0898
                Episode_Reward/air_time: 0.0128
          Episode_Reward/foot_clearance: -0.0004
       Episode_Reward/foot_swing_height: -0.0019
               Episode_Reward/foot_slip: -0.0001
         Episode_Reward/self_collisions: -0.0006
      Episode_Reward/head_pose_tracking: 0.0591
      Episode_Reward/body_pose_tracking: 0.0000
          Episode_Reward/head_pose_bias: 0.0000
        Episode_Metrics/mean_action_acc: 1.8227
          Curriculum/action_rate_weight: -0.1000
               Curriculum/standing_envs: 0.0200
             Curriculum/head_pose_range: 0.0700
             Curriculum/body_pose_range: 0.0500
                   Curriculum/com_range: 0.0030
              Curriculum/head_com_range: 0.0030
       Curriculum/head_pose_bias_weight: 0.0000
             Metrics/twist/error_vel_xy: 0.0309
            Metrics/twist/error_vel_yaw: 0.1783
           Episode_Termination/time_out: 0.0000
          Episode_Termination/fell_over: 58.5417
Episode_Termination/out_of_terrain_bounds: 0.0000
          Episode_Termination/nan_state: 0.0000
          Metrics/angular_momentum_mean: 0.0118
                  Metrics/air_time_mean: 0.0641
               Metrics/peak_height_mean: 0.0112
             Metrics/slip_velocity_mean: 0.1046
--------------------------------------------------------------------------------
                         Iteration time: 54.70s
                           Time elapsed: 00:06:20
                                    ETA: 00:02:43

################################################################################
[1m                            Learning iteration 7/10                             [0m 

                               Run name: velocity
                            Total steps: 393216 
                       Steps per second: 914 
                        Collection time: 52.919s 
                          Learning time: 0.836s 
                        Mean value loss: 0.0375
                    Mean surrogate loss: -0.0078
                      Mean entropy loss: 19.3625
                            Mean reward: 0.46
                    Mean episode length: 35.02
                        Mean action std: 0.96
   Episode_Reward/track_linear_velocity: 0.0261
  Episode_Reward/track_angular_velocity: 0.0020
                 Episode_Reward/upright: 0.0292
                    Episode_Reward/pose: 0.0090
            Episode_Reward/body_ang_vel: -0.0236
        Episode_Reward/angular_momentum: -0.0000
          Episode_Reward/dof_pos_limits: -0.0006
          Episode_Reward/action_rate_l2: -0.0887
                Episode_Reward/air_time: 0.0125
          Episode_Reward/foot_clearance: -0.0004
       Episode_Reward/foot_swing_height: -0.0019
               Episode_Reward/foot_slip: -0.0001
         Episode_Reward/self_collisions: -0.0006
      Episode_Reward/head_pose_tracking: 0.0593
      Episode_Reward/body_pose_tracking: 0.0000
          Episode_Reward/head_pose_bias: 0.0000
        Episode_Metrics/mean_action_acc: 1.8086
          Curriculum/action_rate_weight: -0.1000
               Curriculum/standing_envs: 0.0200
             Curriculum/head_pose_range: 0.0700
             Curriculum/body_pose_range: 0.0500
                   Curriculum/com_range: 0.0030
              Curriculum/head_com_range: 0.0030
       Curriculum/head_pose_bias_weight: 0.0000
             Metrics/twist/error_vel_xy: 0.0310
            Metrics/twist/error_vel_yaw: 0.1775
           Episode_Termination/time_out: 0.0000
          Episode_Termination/fell_over: 56.8333
Episode_Termination/out_of_terrain_bounds: 0.0000
          Episode_Termination/nan_state: 0.0000
          Metrics/angular_momentum_mean: 0.0117
                  Metrics/air_time_mean: 0.0652
               Metrics/peak_height_mean: 0.0112
             Metrics/slip_velocity_mean: 0.1046
--------------------------------------------------------------------------------
                         Iteration time: 53.76s
                           Time elapsed: 00:07:14
                                    ETA: 00:01:48

################################################################################
[1m                            Learning iteration 8/10                             [0m 

                               Run name: velocity
                            Total steps: 442368 
                       Steps per second: 916 
                        Collection time: 52.815s 
                          Learning time: 0.815s 
                        Mean value loss: 0.0361
                    Mean surrogate loss: -0.0108
                      Mean entropy loss: 19.2583
                            Mean reward: 0.54
                    Mean episode length: 36.15
                        Mean action std: 0.95
   Episode_Reward/track_linear_velocity: 0.0264
  Episode_Reward/track_angular_velocity: 0.0020
                 Episode_Reward/upright: 0.0304
                    Episode_Reward/pose: 0.0095
            Episode_Reward/body_ang_vel: -0.0235
        Episode_Reward/angular_momentum: -0.0000
          Episode_Reward/dof_pos_limits: -0.0005
          Episode_Reward/action_rate_l2: -0.0895
                Episode_Reward/air_time: 0.0131
          Episode_Reward/foot_clearance: -0.0004
       Episode_Reward/foot_swing_height: -0.0020
               Episode_Reward/foot_slip: -0.0001
         Episode_Reward/self_collisions: -0.0007
      Episode_Reward/head_pose_tracking: 0.0610
      Episode_Reward/body_pose_tracking: 0.0000
          Episode_Reward/head_pose_bias: 0.0000
        Episode_Metrics/mean_action_acc: 1.7959
          Curriculum/action_rate_weight: -0.1000
               Curriculum/standing_envs: 0.0200
             Curriculum/head_pose_range: 0.0700
             Curriculum/body_pose_range: 0.0500
                   Curriculum/com_range: 0.0030
              Curriculum/head_com_range: 0.0030
       Curriculum/head_pose_bias_weight: 0.0000
             Metrics/twist/error_vel_xy: 0.0319
            Metrics/twist/error_vel_yaw: 0.1801
           Episode_Termination/time_out: 0.0000
          Episode_Termination/fell_over: 56.5417
Episode_Termination/out_of_terrain_bounds: 0.0000
          Episode_Termination/nan_state: 0.0000
          Metrics/angular_momentum_mean: 0.0117
                  Metrics/air_time_mean: 0.0656
               Metrics/peak_height_mean: 0.0115
             Metrics/slip_velocity_mean: 0.1035
--------------------------------------------------------------------------------
                         Iteration time: 53.63s
                           Time elapsed: 00:08:07
                                    ETA: 00:00:54

################################################################################
[1m                            Learning iteration 9/10                             [0m 

                               Run name: velocity
                            Total steps: 491520 
                       Steps per second: 916 
                        Collection time: 52.805s 
                          Learning time: 0.827s 
                        Mean value loss: 0.0408
                    Mean surrogate loss: -0.0142
                      Mean entropy loss: 19.0693
                            Mean reward: 0.61
                    Mean episode length: 36.12
                        Mean action std: 0.94
   Episode_Reward/track_linear_velocity: 0.0269
  Episode_Reward/track_angular_velocity: 0.0020
                 Episode_Reward/upright: 0.0310
                    Episode_Reward/pose: 0.0097
            Episode_Reward/body_ang_vel: -0.0234
        Episode_Reward/angular_momentum: -0.0000
          Episode_Reward/dof_pos_limits: -0.0005
          Episode_Reward/action_rate_l2: -0.0888
                Episode_Reward/air_time: 0.0132
          Episode_Reward/foot_clearance: -0.0004
       Episode_Reward/foot_swing_height: -0.0020
               Episode_Reward/foot_slip: -0.0001
         Episode_Reward/self_collisions: -0.0006
      Episode_Reward/head_pose_tracking: 0.0616
      Episode_Reward/body_pose_tracking: 0.0000
          Episode_Reward/head_pose_bias: 0.0000
        Episode_Metrics/mean_action_acc: 1.7823
          Curriculum/action_rate_weight: -0.1000
               Curriculum/standing_envs: 0.0200
             Curriculum/head_pose_range: 0.0700
             Curriculum/body_pose_range: 0.0500
                   Curriculum/com_range: 0.0030
              Curriculum/head_com_range: 0.0030
       Curriculum/head_pose_bias_weight: 0.0000
             Metrics/twist/error_vel_xy: 0.0317
            Metrics/twist/error_vel_yaw: 0.1807
           Episode_Termination/time_out: 0.0000
          Episode_Termination/fell_over: 56.2500
Episode_Termination/out_of_terrain_bounds: 0.0000
          Episode_Termination/nan_state: 0.0000
          Metrics/angular_momentum_mean: 0.0117
                  Metrics/air_time_mean: 0.0659
               Metrics/peak_height_mean: 0.0116
             Metrics/slip_velocity_mean: 0.1034
--------------------------------------------------------------------------------
                         Iteration time: 53.63s
                           Time elapsed: 00:09:01
                                    ETA: 00:00:00

