/Users/jin/Projects/microduck-build/microduck-lab/microduck_rl/.venv/lib/python3.12/site-packages/tyro/_parsers.py:353: UserWarning: The field `env.scene.entities.robot.collisions.0.geom-names-expr` is annotated with type `tuple[str, ...]`, but the default value `['.*_collision']` has type `<class 'list'>`. We'll try to handle this gracefully, but it may cause unexpected behavior.
  warnings.warn(message)
/Users/jin/Projects/microduck-build/microduck-lab/microduck_rl/.venv/lib/python3.12/site-packages/tyro/_resolver.py:600: TyroWarning: <class 'list'> does not match any type in Union: [<class 'str'>, <class 'tuple'>, <class 'NoneType'>]
  warnings.warn(
/Users/jin/Projects/microduck-build/microduck-lab/microduck_rl/.venv/lib/python3.12/site-packages/mjlab/entity/entity.py:149: UserWarning: Actuator config matched 14 joint(s) but the same expressions also match 7 site(s): imu, left_foot, head_camera, tof, head_imu, mouth_tip, right_foot. Add a separate config with transmission_type=TransmissionType.SITE if those should be actuated too.
  self._add_actuators()
[mdp] Patches 1-2 active: NaN-safe reward/advantage
[mdp] Patch 4 active: ONNX export filters passive_* joints
[INFO] Training with: device=cpu, seed=42, rank=0
[INFO] Logging experiment in directory: logs/rsl_rl/velocity/2026-09-16_21-51-28_velocity
Setting seed: 42
Warp 1.12.0 initialized:
   CUDA not enabled in this build
   Devices:
     "cpu"      : "arm"
   Kernel cache:
     /Users/jin/Library/Caches/warp/1.12.0
[BamActuator] model='m6' joints=14 kt=0.3660 R=2.8114 vin=range=(6.5, 8.2) drop_gain_range=(0.0, 0.2) force_limit=±1.07Nm friction_base=0.0048 friction_viscous=0.0054 envs=4096 device=cpu
Module mujoco_warp._src.render_util 3cd330a load on device 'cpu' took 0.47 ms  (cached)
Module mujoco_warp._src.bvh e843d00 load on device 'cpu' took 0.23 ms  (cached)

+--------------------------------+
|        Base Environment        |
+------------------------+-------+
| Property               | Value |
+------------------------+-------+
| Number of environments | 4096  |
| Environment device     | cpu   |
| Environment seed       | 42    |
| Physics step-size      | 0.005 |
| Environment step-size  | 0.02  |
+------------------------+-------+

[INFO] <EventManager> contains 3 active terms.
+-------------------------------------+
| Active Event Terms in Mode: 'reset' |
+-------+-----------------------------+
| Index | Name                        |
+-------+-----------------------------+
|   0   | reset_base                  |
|   1   | reset_robot_joints          |
|   2   | reset_action_history        |
|   3   | randomize_com               |
|   4   | randomize_head_com          |
|   5   | randomize_joint_friction    |
|   6   | randomize_armature          |
+-------+-----------------------------+
+----------------------------------------------+
|    Active Event Terms in Mode: 'interval'    |
+-------+------------+-------------------------+
| Index | Name       | Interval time range (s) |
+-------+------------+-------------------------+
|   0   | push_robot |        (3.0, 6.0)       |
+-------+------------+-------------------------+
+---------------------------------------+
| Active Event Terms in Mode: 'startup' |
+-------+-------------------------------+
| Index | Name                          |
+-------+-------------------------------+
|   0   | foot_friction                 |
|   1   | encoder_bias                  |
|   2   | base_com                      |
|   3   | expand_bam_friction_fields    |
|   4   | randomize_mass_inertia        |
+-------+-------------------------------+
+-----------------------------+
| Domain Randomization Fields |
+-------+---------------------+
| Index | Field Name          |
+-------+---------------------+
|   0   | geom_friction       |
|   1   | body_ipos           |
|   2   | body_subtreemass    |
|   3   | dof_invweight0      |
|   4   | body_invweight0     |
|   5   | tendon_length0      |
|   6   | tendon_invweight0   |
|   7   | dof_frictionloss    |
|   8   | dof_damping         |
|   9   | body_mass           |
|   10  | body_inertia        |
|   11  | body_iquat          |
|   12  | dof_armature        |
+-------+---------------------+

Module repeat_array_kernel_39317a34 8b94c13 load on device 'cpu' took 0.10 ms  (cached)
Module repeat_array_kernel_39317a34 83c495b load on device 'cpu' took 0.08 ms  (cached)
Module repeat_array_kernel_39317a34 024b13f load on device 'cpu' took 0.07 ms  (cached)
Module repeat_array_kernel_39317a34 c14a6b4 load on device 'cpu' took 0.07 ms  (cached)
[INFO] <CommandManager> contains 3 active terms.
+------------------------------------------------+
|              Active Command Terms              |
+-------+-----------+----------------------------+
| Index | Name      |            Type            |
+-------+-----------+----------------------------+
|   0   | twist     | VelocityCommandCommandOnly |
|   1   | head_pose |     UniformPoseCommand     |
|   2   | body_pose |     UniformPoseCommand     |
+-------+-----------+----------------------------+

[INFO] <ActionManager> contains 1 active terms.
+---------------------------------+
| Active Action Terms (shape: 14) |
+-------+-----------+-------------+
| Index | Name      |   Dimension |
+-------+-----------+-------------+
|   0   | joint_pos |          14 |
+-------+-----------+-------------+

[INFO] <ObservationManager> contains 2 groups.
+-----------------------------------------------------------+
| Active Observation Terms in Group: 'actor' (shape: (61,)) |
+-----------+----------------------------------+------------+
|   Index   | Name                             |   Shape    |
+-----------+----------------------------------+------------+
|     0     | base_ang_vel                     |    (3,)    |
|     1     | projected_gravity                |    (3,)    |
|     2     | joint_pos                        |   (14,)    |
|     3     | joint_vel                        |   (14,)    |
|     4     | actions                          |   (14,)    |
|     5     | command                          |    (3,)    |
|     6     | head_command                     |    (4,)    |
|     7     | body_command                     |    (6,)    |
+-----------+----------------------------------+------------+
+------------------------------------------------------------+
| Active Observation Terms in Group: 'critic' (shape: (76,)) |
+----------+------------------------------------+------------+
|  Index   | Name                               |   Shape    |
+----------+------------------------------------+------------+
|    0     | base_lin_vel                       |    (3,)    |
|    1     | base_ang_vel                       |    (3,)    |
|    2     | projected_gravity                  |    (3,)    |
|    3     | joint_pos                          |   (14,)    |
|    4     | joint_vel                          |   (14,)    |
|    5     | actions                            |   (14,)    |
|    6     | command                            |    (3,)    |
|    7     | foot_height                        |    (2,)    |
|    8     | foot_air_time                      |    (2,)    |
|    9     | foot_contact                       |    (2,)    |
|    10    | foot_contact_forces                |    (6,)    |
|    11    | head_command                       |    (4,)    |
|    12    | body_command                       |    (6,)    |
+----------+------------------------------------+------------+

[INFO] <TerminationManager> contains 4 active terms.
+------------------------------------------+
|         Active Termination Terms         |
+-------+-----------------------+----------+
| Index | Name                  | Time Out |
+-------+-----------------------+----------+
|   0   | time_out              |   True   |
|   1   | fell_over             |  False   |
|   2   | out_of_terrain_bounds |   True   |
|   3   | nan_state             |  False   |
+-------+-----------------------+----------+

[INFO] <RewardManager> contains 16 active terms.
+-----------------------------------------+
|           Active Reward Terms           |
+-------+------------------------+--------+
| Index | Name                   | Weight |
+-------+------------------------+--------+
|   0   | track_linear_velocity  |    2.0 |
|   1   | track_angular_velocity |    2.0 |
|   2   | upright                |    2.0 |
|   3   | pose                   |    1.0 |
|   4   | body_ang_vel           |  -0.05 |
|   5   | angular_momentum       |  -0.02 |
|   6   | dof_pos_limits         |   -1.0 |
|   7   | action_rate_l2         |   -0.1 |
|   8   | air_time               |    3.0 |
|   9   | foot_clearance         |   -2.0 |
|   10  | foot_swing_height      |  -0.25 |
|   11  | foot_slip              |   -0.1 |
|   12  | self_collisions        |   -1.0 |
|   13  | head_pose_tracking     |    2.0 |
|   14  | body_pose_tracking     |    0.0 |
|   15  | head_pose_bias         |    0.0 |
+-------+------------------------+--------+

[INFO] <CurriculumManager> contains 7 active terms.
+-------------------------------+
|    Active Curriculum Terms    |
+-------+-----------------------+
| Index | Name                  |
+-------+-----------------------+
|   0   | action_rate_weight    |
|   1   | standing_envs         |
|   2   | head_pose_range       |
|   3   | body_pose_range       |
|   4   | com_range             |
|   5   | head_com_range        |
|   6   | head_pose_bias_weight |
+-------+-----------------------+
wandb: WARNING `start_method` is deprecated and will be removed in a future version of wandb. This setting is currently non-functional and safely ignored.

[INFO] <MetricsManager> contains 1 active terms.
+-------------------------+
|   Active Metrics Terms  |
+-------+-----------------+
| Index | Name            |
+-------+-----------------+
|   0   | mean_action_acc |
+-------+-----------------+

[INFO] <NullRecorderManager> (inactive)
Module mujoco_warp._src.io 0374352 load on device 'cpu' took 0.22 ms  (cached)
Module mujoco_warp._src.smooth 8731313 load on device 'cpu' took 0.18 ms  (cached)
Module _tile_cholesky_factorize__locals__cholesky_factorize_a02b7349 70689db load on device 'cpu' took 0.18 ms  (cached)
Module _tile_cholesky_solve__locals__cholesky_solve_8c82e9f1 b8f2819 load on device 'cpu' took 0.12 ms  (cached)
Module reset_data__locals__reset_xfrc_applied_e7898c5c 1f5e12c load on device 'cpu' took 0.16 ms  (cached)
Module reset_data__locals__reset_qM_10d3c793 f59ca3c load on device 'cpu' took 0.08 ms  (cached)
Module reset_data__locals__reset_mocap_ff71f630 d0e4e7e load on device 'cpu' took 0.07 ms  (cached)
Module reset_data__locals__reset_contact_df686d47 3af0a2f load on device 'cpu' took 0.07 ms  (cached)
Module reset_data__locals__reset_nworld_6e0d904e aef9a67 load on device 'cpu' took 0.07 ms  (cached)
Module mujoco_warp._src.collision_driver eed4cf3 load on device 'cpu' took 0.23 ms  (cached)
Module _nxn_broadphase__locals__kernel_e73b1315 157cf89 load on device 'cpu' took 0.13 ms  (cached)
Module ccd_kernel_builder__locals__ccd_kernel_079dfa94 f710486 load on device 'cpu' took 0.21 ms  (cached)
Module _primitive_narrowphase__locals__primitive_narrowphase_b282a07a b20db85 load on device 'cpu' took 0.17 ms  (cached)
Module mujoco_warp._src.constraint 02b3f03 load on device 'cpu' took 0.32 ms  (cached)
Module _efc_contact_init__locals__kernel_fda71e14 d197232 load on device 'cpu' took 0.14 ms  (cached)
Module _efc_contact_jac_dense__locals__kernel_7974b597 a581aa2 load on device 'cpu' took 0.10 ms  (cached)
Module _efc_contact_update__locals__kernel_90315d53 49b5115 load on device 'cpu' took 0.09 ms  (cached)
Module mujoco_warp._src.sensor 93435cc load on device 'cpu' took 0.12 ms  (cached)
Module mujoco_warp._src.forward 5dcb54e load on device 'cpu' took 0.10 ms  (cached)
Module mujoco_warp._src.passive 12b3435 load on device 'cpu' took 0.10 ms  (cached)
Module mujoco_warp._src.support fda47c6 load on device 'cpu' took 0.11 ms  (cached)
Module _tile_cholesky_factorize_solve__locals__cholesky_factorize_solve_b16bf393 cd62458 load on device 'cpu' took 0.09 ms  (cached)
Module mujoco_warp._src.solver 2f1f5c6 load on device 'cpu' took 0.15 ms  (cached)
Module solve_init_jaref__locals__kernel_5208712d fbe27e4 load on device 'cpu' took 0.09 ms  (cached)
Module mul_m_dense__locals___mul_m_dense_b66df345 db44421 load on device 'cpu' took 0.12 ms  (cached)
Module update_constraint_efc__locals__kernel_32935e9d 7127a83 load on device 'cpu' took 0.09 ms  (cached)
Module update_constraint_gauss_cost__locals__kernel_baf8e129 efdabd1 load on device 'cpu' took 0.10 ms  (cached)
Module update_gradient_JTDAJ_dense_tiled__locals__kernel_9404d42c 6b42f96 load on device 'cpu' took 0.08 ms  (cached)
Module update_gradient_cholesky__locals__kernel_5ee47d83 702e3ec load on device 'cpu' took 0.09 ms  (cached)
Module linesearch_jv_fused__locals__kernel_7bf09094 6b3208c load on device 'cpu' took 0.08 ms  (cached)
Module linesearch_prepare_gauss__locals__kernel_97347d38 0cadf6d load on device 'cpu' took 0.08 ms  (cached)
Module update_constraint_efc__locals__kernel_3c1a9816 0242ddf load on device 'cpu' took 0.12 ms  (cached)
Module _contact_sort__locals__contact_sort_304c86df 71fdfff load on device 'cpu' took 0.16 ms  (cached)
Module mujoco_warp._src.ray abbcfd9 load on device 'cpu' took 0.17 ms  (cached)
--------------------------------------------------------------------------------
Resolved observation sets: 
	 actor :  ('actor',)
	 critic :  ('critic',)
--------------------------------------------------------------------------------
Actor Model: MLPModel(
  (obs_normalizer): EmpiricalNormalization()
  (distribution): GaussianDistribution()
  (mlp): MLP(
    (0): Linear(in_features=61, out_features=512, bias=True)
    (1): ELU(alpha=1.0)
    (2): Linear(in_features=512, out_features=256, bias=True)
    (3): ELU(alpha=1.0)
    (4): Linear(in_features=256, out_features=128, bias=True)
    (5): ELU(alpha=1.0)
    (6): Linear(in_features=128, out_features=14, bias=True)
  )
)
Critic Model: MLPModel(
  (obs_normalizer): EmpiricalNormalization()
  (mlp): MLP(
    (0): Linear(in_features=76, out_features=512, bias=True)
    (1): ELU(alpha=1.0)
    (2): Linear(in_features=512, out_features=256, bias=True)
    (3): ELU(alpha=1.0)
    (4): Linear(in_features=256, out_features=128, bias=True)
    (5): ELU(alpha=1.0)
    (6): Linear(in_features=128, out_features=1, bias=True)
  )
)
Storing git diff for 'microduck_rl' in: logs/rsl_rl/velocity/2026-09-16_21-51-28_velocity/git/microduck_rl.diff
Module mujoco_warp._src.derivative 77f0d4f load on device 'cpu' took 0.28 ms  (cached)
################################################################################
[1m                            Learning iteration 0/10                             [0m 

                               Run name: velocity
                            Total steps: 98304 
                       Steps per second: 835 
                        Collection time: 116.002s 
                          Learning time: 1.628s 
                        Mean value loss: 0.0374
                    Mean surrogate loss: -0.0034
                      Mean entropy loss: 19.8106
                            Mean reward: -0.08
                    Mean episode length: 24.00
                        Mean action std: 0.99
   Episode_Reward/track_linear_velocity: 0.0105
  Episode_Reward/track_angular_velocity: 0.0013
                 Episode_Reward/upright: 0.0149
                    Episode_Reward/pose: 0.0050
            Episode_Reward/body_ang_vel: -0.0065
        Episode_Reward/angular_momentum: -0.0000
          Episode_Reward/dof_pos_limits: -0.0001
          Episode_Reward/action_rate_l2: -0.0331
                Episode_Reward/air_time: 0.0020
          Episode_Reward/foot_clearance: -0.0001
       Episode_Reward/foot_swing_height: -0.0005
               Episode_Reward/foot_slip: -0.0000
         Episode_Reward/self_collisions: -0.0001
      Episode_Reward/head_pose_tracking: 0.0217
      Episode_Reward/body_pose_tracking: 0.0000
          Episode_Reward/head_pose_bias: 0.0000
        Episode_Metrics/mean_action_acc: 1.7453
          Curriculum/action_rate_weight: -0.1000
               Curriculum/standing_envs: 0.0200
             Curriculum/head_pose_range: 0.0700
             Curriculum/body_pose_range: 0.0500
                   Curriculum/com_range: 0.0030
              Curriculum/head_com_range: 0.0030
       Curriculum/head_pose_bias_weight: 0.0000
             Metrics/twist/error_vel_xy: 0.0091
            Metrics/twist/error_vel_yaw: 0.0568
           Episode_Termination/time_out: 3.7917
          Episode_Termination/fell_over: 16.5833
Episode_Termination/out_of_terrain_bounds: 0.0000
          Episode_Termination/nan_state: 0.0000
          Metrics/angular_momentum_mean: 0.0083
                  Metrics/air_time_mean: 0.0519
               Metrics/peak_height_mean: 0.0060
             Metrics/slip_velocity_mean: 0.0909
--------------------------------------------------------------------------------
                         Iteration time: 117.63s
                           Time elapsed: 00:01:57
                                    ETA: 00:17:38

################################################################################
[1m                            Learning iteration 1/10                             [0m 

                               Run name: velocity
                            Total steps: 196608 
                       Steps per second: 831 
                        Collection time: 116.579s 
                          Learning time: 1.618s 
                        Mean value loss: 0.0427
                    Mean surrogate loss: -0.0093
                      Mean entropy loss: 19.7275
                            Mean reward: 0.16
                    Mean episode length: 39.19
                        Mean action std: 0.99
   Episode_Reward/track_linear_velocity: 0.0254
  Episode_Reward/track_angular_velocity: 0.0019
                 Episode_Reward/upright: 0.0269
                    Episode_Reward/pose: 0.0079
            Episode_Reward/body_ang_vel: -0.0243
        Episode_Reward/angular_momentum: -0.0000
          Episode_Reward/dof_pos_limits: -0.0007
          Episode_Reward/action_rate_l2: -0.0968
                Episode_Reward/air_time: 0.0110
          Episode_Reward/foot_clearance: -0.0003
       Episode_Reward/foot_swing_height: -0.0016
               Episode_Reward/foot_slip: -0.0001
         Episode_Reward/self_collisions: -0.0003
      Episode_Reward/head_pose_tracking: 0.0573
      Episode_Reward/body_pose_tracking: 0.0000
          Episode_Reward/head_pose_bias: 0.0000
        Episode_Metrics/mean_action_acc: 1.9131
          Curriculum/action_rate_weight: -0.1000
               Curriculum/standing_envs: 0.0200
             Curriculum/head_pose_range: 0.0700
             Curriculum/body_pose_range: 0.0500
                   Curriculum/com_range: 0.0030
              Curriculum/head_com_range: 0.0030
       Curriculum/head_pose_bias_weight: 0.0000
             Metrics/twist/error_vel_xy: 0.0305
            Metrics/twist/error_vel_yaw: 0.1782
           Episode_Termination/time_out: 1.5833
          Episode_Termination/fell_over: 143.8750
Episode_Termination/out_of_terrain_bounds: 0.0000
          Episode_Termination/nan_state: 0.0000
          Metrics/angular_momentum_mean: 0.0109
                  Metrics/air_time_mean: 0.0567
               Metrics/peak_height_mean: 0.0109
             Metrics/slip_velocity_mean: 0.1000
--------------------------------------------------------------------------------
                         Iteration time: 118.20s
                           Time elapsed: 00:03:55
                                    ETA: 00:15:43

################################################################################
[1m                            Learning iteration 2/10                             [0m 

                               Run name: velocity
                            Total steps: 294912 
                       Steps per second: 828 
                        Collection time: 117.033s 
                          Learning time: 1.597s 
                        Mean value loss: 0.0405
                    Mean surrogate loss: -0.0112
                      Mean entropy loss: 19.5618
                            Mean reward: 0.23
                    Mean episode length: 36.31
                        Mean action std: 0.97
   Episode_Reward/track_linear_velocity: 0.0244
  Episode_Reward/track_angular_velocity: 0.0019
                 Episode_Reward/upright: 0.0252
                    Episode_Reward/pose: 0.0076
            Episode_Reward/body_ang_vel: -0.0238
        Episode_Reward/angular_momentum: -0.0000
          Episode_Reward/dof_pos_limits: -0.0006
          Episode_Reward/action_rate_l2: -0.0893
                Episode_Reward/air_time: 0.0107
          Episode_Reward/foot_clearance: -0.0003
       Episode_Reward/foot_swing_height: -0.0016
               Episode_Reward/foot_slip: -0.0001
         Episode_Reward/self_collisions: -0.0002
      Episode_Reward/head_pose_tracking: 0.0544
      Episode_Reward/body_pose_tracking: 0.0000
          Episode_Reward/head_pose_bias: 0.0000
        Episode_Metrics/mean_action_acc: 1.8834
          Curriculum/action_rate_weight: -0.1000
               Curriculum/standing_envs: 0.0200
             Curriculum/head_pose_range: 0.0700
             Curriculum/body_pose_range: 0.0500
                   Curriculum/com_range: 0.0030
              Curriculum/head_com_range: 0.0030
       Curriculum/head_pose_bias_weight: 0.0000
             Metrics/twist/error_vel_xy: 0.0284
            Metrics/twist/error_vel_yaw: 0.1685
           Episode_Termination/time_out: 0.0000
          Episode_Termination/fell_over: 127.2917
Episode_Termination/out_of_terrain_bounds: 0.0000
          Episode_Termination/nan_state: 0.0000
          Metrics/angular_momentum_mean: 0.0115
                  Metrics/air_time_mean: 0.0603
               Metrics/peak_height_mean: 0.0109
             Metrics/slip_velocity_mean: 0.1004
--------------------------------------------------------------------------------
                         Iteration time: 118.63s
                           Time elapsed: 00:05:54
                                    ETA: 00:13:47

################################################################################
[1m                            Learning iteration 3/10                             [0m 

                               Run name: velocity
                            Total steps: 393216 
                       Steps per second: 832 
                        Collection time: 116.513s 
                          Learning time: 1.607s 
                        Mean value loss: 0.0321
                    Mean surrogate loss: -0.0135
                      Mean entropy loss: 19.3396
                            Mean reward: 0.32
                    Mean episode length: 34.73
                        Mean action std: 0.96
   Episode_Reward/track_linear_velocity: 0.0254
  Episode_Reward/track_angular_velocity: 0.0019
                 Episode_Reward/upright: 0.0271
                    Episode_Reward/pose: 0.0080
            Episode_Reward/body_ang_vel: -0.0240
        Episode_Reward/angular_momentum: -0.0000
          Episode_Reward/dof_pos_limits: -0.0006
          Episode_Reward/action_rate_l2: -0.0905
                Episode_Reward/air_time: 0.0112
          Episode_Reward/foot_clearance: -0.0003
       Episode_Reward/foot_swing_height: -0.0018
               Episode_Reward/foot_slip: -0.0001
         Episode_Reward/self_collisions: -0.0003
      Episode_Reward/head_pose_tracking: 0.0570
      Episode_Reward/body_pose_tracking: 0.0000
          Episode_Reward/head_pose_bias: 0.0000
        Episode_Metrics/mean_action_acc: 1.8537
          Curriculum/action_rate_weight: -0.1000
               Curriculum/standing_envs: 0.0200
             Curriculum/head_pose_range: 0.0700
             Curriculum/body_pose_range: 0.0500
                   Curriculum/com_range: 0.0030
              Curriculum/head_com_range: 0.0030
       Curriculum/head_pose_bias_weight: 0.0000
             Metrics/twist/error_vel_xy: 0.0297
            Metrics/twist/error_vel_yaw: 0.1736
           Episode_Termination/time_out: 0.0000
          Episode_Termination/fell_over: 113.9167
Episode_Termination/out_of_terrain_bounds: 0.0000
          Episode_Termination/nan_state: 0.0000
          Metrics/angular_momentum_mean: 0.0112
                  Metrics/air_time_mean: 0.0604
               Metrics/peak_height_mean: 0.0104
             Metrics/slip_velocity_mean: 0.0993
--------------------------------------------------------------------------------
                         Iteration time: 118.12s
                           Time elapsed: 00:07:52
                                    ETA: 00:11:48

################################################################################
[1m                            Learning iteration 4/10                             [0m 

                               Run name: velocity
                            Total steps: 491520 
                       Steps per second: 830 
                        Collection time: 116.775s 
                          Learning time: 1.607s 
                        Mean value loss: 0.0303
                    Mean surrogate loss: -0.0146
                      Mean entropy loss: 19.0965
                            Mean reward: 0.37
                    Mean episode length: 34.81
                        Mean action std: 0.94
   Episode_Reward/track_linear_velocity: 0.0257
  Episode_Reward/track_angular_velocity: 0.0019
                 Episode_Reward/upright: 0.0274
                    Episode_Reward/pose: 0.0082
            Episode_Reward/body_ang_vel: -0.0235
        Episode_Reward/angular_momentum: -0.0000
          Episode_Reward/dof_pos_limits: -0.0006
          Episode_Reward/action_rate_l2: -0.0879
                Episode_Reward/air_time: 0.0115
          Episode_Reward/foot_clearance: -0.0003
       Episode_Reward/foot_swing_height: -0.0018
               Episode_Reward/foot_slip: -0.0001
         Episode_Reward/self_collisions: -0.0003
      Episode_Reward/head_pose_tracking: 0.0577
      Episode_Reward/body_pose_tracking: 0.0000
          Episode_Reward/head_pose_bias: 0.0000
        Episode_Metrics/mean_action_acc: 1.8252
          Curriculum/action_rate_weight: -0.1000
               Curriculum/standing_envs: 0.0200
             Curriculum/head_pose_range: 0.0700
             Curriculum/body_pose_range: 0.0500
                   Curriculum/com_range: 0.0030
              Curriculum/head_com_range: 0.0030
       Curriculum/head_pose_bias_weight: 0.0000
             Metrics/twist/error_vel_xy: 0.0296
            Metrics/twist/error_vel_yaw: 0.1729
           Episode_Termination/time_out: 0.0000
          Episode_Termination/fell_over: 116.9167
Episode_Termination/out_of_terrain_bounds: 0.0000
          Episode_Termination/nan_state: 0.0000
          Metrics/angular_momentum_mean: 0.0110
                  Metrics/air_time_mean: 0.0609
               Metrics/peak_height_mean: 0.0104
             Metrics/slip_velocity_mean: 0.0981
--------------------------------------------------------------------------------
                         Iteration time: 118.38s
                           Time elapsed: 00:09:50
                                    ETA: 00:09:50

################################################################################
[1m                            Learning iteration 5/10                             [0m 

                               Run name: velocity
                            Total steps: 589824 
                       Steps per second: 824 
                        Collection time: 117.604s 
                          Learning time: 1.631s 
                        Mean value loss: 0.0359
                    Mean surrogate loss: -0.0155
                      Mean entropy loss: 18.8078
                            Mean reward: 0.56
                    Mean episode length: 35.77
                        Mean action std: 0.92
   Episode_Reward/track_linear_velocity: 0.0260
  Episode_Reward/track_angular_velocity: 0.0020
                 Episode_Reward/upright: 0.0285
                    Episode_Reward/pose: 0.0088
            Episode_Reward/body_ang_vel: -0.0231
        Episode_Reward/angular_momentum: -0.0000
          Episode_Reward/dof_pos_limits: -0.0005
          Episode_Reward/action_rate_l2: -0.0856
                Episode_Reward/air_time: 0.0118
          Episode_Reward/foot_clearance: -0.0003
       Episode_Reward/foot_swing_height: -0.0018
               Episode_Reward/foot_slip: -0.0001
         Episode_Reward/self_collisions: -0.0003
      Episode_Reward/head_pose_tracking: 0.0590
      Episode_Reward/body_pose_tracking: 0.0000
          Episode_Reward/head_pose_bias: 0.0000
        Episode_Metrics/mean_action_acc: 1.7869
          Curriculum/action_rate_weight: -0.1000
               Curriculum/standing_envs: 0.0200
             Curriculum/head_pose_range: 0.0700
             Curriculum/body_pose_range: 0.0500
                   Curriculum/com_range: 0.0030
              Curriculum/head_com_range: 0.0030
       Curriculum/head_pose_bias_weight: 0.0000
             Metrics/twist/error_vel_xy: 0.0304
            Metrics/twist/error_vel_yaw: 0.1735
           Episode_Termination/time_out: 0.0000
          Episode_Termination/fell_over: 115.8750
Episode_Termination/out_of_terrain_bounds: 0.0000
          Episode_Termination/nan_state: 0.0000
          Metrics/angular_momentum_mean: 0.0113
                  Metrics/air_time_mean: 0.0619
               Metrics/peak_height_mean: 0.0106
             Metrics/slip_velocity_mean: 0.0984
--------------------------------------------------------------------------------
                         Iteration time: 119.24s
                           Time elapsed: 00:11:50
                                    ETA: 00:07:53

################################################################################
[1m                            Learning iteration 6/10                             [0m 

                               Run name: velocity
                            Total steps: 688128 
                       Steps per second: 819 
                        Collection time: 118.310s 
                          Learning time: 1.649s 
                        Mean value loss: 0.0309
                    Mean surrogate loss: -0.0138
                      Mean entropy loss: 18.5440
                            Mean reward: 0.73
                    Mean episode length: 35.80
                        Mean action std: 0.90
   Episode_Reward/track_linear_velocity: 0.0270
  Episode_Reward/track_angular_velocity: 0.0021
                 Episode_Reward/upright: 0.0295
                    Episode_Reward/pose: 0.0094
            Episode_Reward/body_ang_vel: -0.0228
        Episode_Reward/angular_momentum: -0.0000
          Episode_Reward/dof_pos_limits: -0.0005
          Episode_Reward/action_rate_l2: -0.0837
                Episode_Reward/air_time: 0.0123
          Episode_Reward/foot_clearance: -0.0003
       Episode_Reward/foot_swing_height: -0.0018
               Episode_Reward/foot_slip: -0.0001
         Episode_Reward/self_collisions: -0.0004
      Episode_Reward/head_pose_tracking: 0.0605
      Episode_Reward/body_pose_tracking: 0.0000
          Episode_Reward/head_pose_bias: 0.0000
        Episode_Metrics/mean_action_acc: 1.7510
          Curriculum/action_rate_weight: -0.1000
               Curriculum/standing_envs: 0.0200
             Curriculum/head_pose_range: 0.0700
             Curriculum/body_pose_range: 0.0500
                   Curriculum/com_range: 0.0030
              Curriculum/head_com_range: 0.0030
       Curriculum/head_pose_bias_weight: 0.0000
             Metrics/twist/error_vel_xy: 0.0306
            Metrics/twist/error_vel_yaw: 0.1743
           Episode_Termination/time_out: 0.0000
          Episode_Termination/fell_over: 112.8750
Episode_Termination/out_of_terrain_bounds: 0.0000
          Episode_Termination/nan_state: 0.0000
          Metrics/angular_momentum_mean: 0.0111
                  Metrics/air_time_mean: 0.0624
               Metrics/peak_height_mean: 0.0106
             Metrics/slip_velocity_mean: 0.0975
--------------------------------------------------------------------------------
                         Iteration time: 119.96s
                           Time elapsed: 00:13:50
                                    ETA: 00:05:55

################################################################################
[1m                            Learning iteration 7/10                             [0m 

                               Run name: velocity
                            Total steps: 786432 
                       Steps per second: 821 
                        Collection time: 117.868s 
                          Learning time: 1.765s 
                        Mean value loss: 0.0311
                    Mean surrogate loss: -0.0133
                      Mean entropy loss: 18.2891
                            Mean reward: 0.79
                    Mean episode length: 36.18
                        Mean action std: 0.89
   Episode_Reward/track_linear_velocity: 0.0273
  Episode_Reward/track_angular_velocity: 0.0022
                 Episode_Reward/upright: 0.0308
                    Episode_Reward/pose: 0.0100
            Episode_Reward/body_ang_vel: -0.0223
        Episode_Reward/angular_momentum: -0.0000
          Episode_Reward/dof_pos_limits: -0.0004
          Episode_Reward/action_rate_l2: -0.0820
                Episode_Reward/air_time: 0.0121
          Episode_Reward/foot_clearance: -0.0004
       Episode_Reward/foot_swing_height: -0.0018
               Episode_Reward/foot_slip: -0.0001
         Episode_Reward/self_collisions: -0.0004
      Episode_Reward/head_pose_tracking: 0.0622
      Episode_Reward/body_pose_tracking: 0.0000
          Episode_Reward/head_pose_bias: 0.0000
        Episode_Metrics/mean_action_acc: 1.7165
          Curriculum/action_rate_weight: -0.1000
               Curriculum/standing_envs: 0.0200
             Curriculum/head_pose_range: 0.0700
             Curriculum/body_pose_range: 0.0500
                   Curriculum/com_range: 0.0030
              Curriculum/head_com_range: 0.0030
       Curriculum/head_pose_bias_weight: 0.0000
             Metrics/twist/error_vel_xy: 0.0314
            Metrics/twist/error_vel_yaw: 0.1732
           Episode_Termination/time_out: 0.0000
          Episode_Termination/fell_over: 110.7083
Episode_Termination/out_of_terrain_bounds: 0.0000
          Episode_Termination/nan_state: 0.0000
          Metrics/angular_momentum_mean: 0.0112
                  Metrics/air_time_mean: 0.0638
               Metrics/peak_height_mean: 0.0110
             Metrics/slip_velocity_mean: 0.0981
--------------------------------------------------------------------------------
                         Iteration time: 119.63s
                           Time elapsed: 00:15:49
                                    ETA: 00:03:57

################################################################################
[1m                            Learning iteration 8/10                             [0m 

                               Run name: velocity
                            Total steps: 884736 
                       Steps per second: 809 
                        Collection time: 119.731s 
                          Learning time: 1.737s 
                        Mean value loss: 0.0302
                    Mean surrogate loss: -0.0136
                      Mean entropy loss: 18.0321
                            Mean reward: 0.88
                    Mean episode length: 37.85
                        Mean action std: 0.87
   Episode_Reward/track_linear_velocity: 0.0284
  Episode_Reward/track_angular_velocity: 0.0023
                 Episode_Reward/upright: 0.0320
                    Episode_Reward/pose: 0.0104
            Episode_Reward/body_ang_vel: -0.0223
        Episode_Reward/angular_momentum: -0.0000
          Episode_Reward/dof_pos_limits: -0.0004
          Episode_Reward/action_rate_l2: -0.0803
                Episode_Reward/air_time: 0.0130
          Episode_Reward/foot_clearance: -0.0004
       Episode_Reward/foot_swing_height: -0.0019
               Episode_Reward/foot_slip: -0.0001
         Episode_Reward/self_collisions: -0.0004
      Episode_Reward/head_pose_tracking: 0.0637
      Episode_Reward/body_pose_tracking: 0.0000
          Episode_Reward/head_pose_bias: 0.0000
        Episode_Metrics/mean_action_acc: 1.6842
          Curriculum/action_rate_weight: -0.1000
               Curriculum/standing_envs: 0.0200
             Curriculum/head_pose_range: 0.0700
             Curriculum/body_pose_range: 0.0500
                   Curriculum/com_range: 0.0030
              Curriculum/head_com_range: 0.0030
       Curriculum/head_pose_bias_weight: 0.0000
             Metrics/twist/error_vel_xy: 0.0314
            Metrics/twist/error_vel_yaw: 0.1757
           Episode_Termination/time_out: 0.0000
          Episode_Termination/fell_over: 111.3750
Episode_Termination/out_of_terrain_bounds: 0.0000
          Episode_Termination/nan_state: 0.0000
          Metrics/angular_momentum_mean: 0.0112
                  Metrics/air_time_mean: 0.0637
               Metrics/peak_height_mean: 0.0111
             Metrics/slip_velocity_mean: 0.0981
--------------------------------------------------------------------------------
                         Iteration time: 121.47s
                           Time elapsed: 00:17:51
                                    ETA: 00:01:59

################################################################################
[1m                            Learning iteration 9/10                             [0m 

                               Run name: velocity
                            Total steps: 983040 
                       Steps per second: 818 
                        Collection time: 118.485s 
                          Learning time: 1.669s 
                        Mean value loss: 0.0389
                    Mean surrogate loss: -0.0130
                      Mean entropy loss: 17.7746
                            Mean reward: 1.03
                    Mean episode length: 36.49
                        Mean action std: 0.85
   Episode_Reward/track_linear_velocity: 0.0288
  Episode_Reward/track_angular_velocity: 0.0023
                 Episode_Reward/upright: 0.0322
                    Episode_Reward/pose: 0.0108
            Episode_Reward/body_ang_vel: -0.0220
        Episode_Reward/angular_momentum: -0.0000
          Episode_Reward/dof_pos_limits: -0.0004
          Episode_Reward/action_rate_l2: -0.0770
                Episode_Reward/air_time: 0.0128
          Episode_Reward/foot_clearance: -0.0004
       Episode_Reward/foot_swing_height: -0.0020
               Episode_Reward/foot_slip: -0.0001
         Episode_Reward/self_collisions: -0.0004
      Episode_Reward/head_pose_tracking: 0.0643
      Episode_Reward/body_pose_tracking: 0.0000
          Episode_Reward/head_pose_bias: 0.0000
        Episode_Metrics/mean_action_acc: 1.6473
          Curriculum/action_rate_weight: -0.1000
               Curriculum/standing_envs: 0.0200
             Curriculum/head_pose_range: 0.0700
             Curriculum/body_pose_range: 0.0500
                   Curriculum/com_range: 0.0030
              Curriculum/head_com_range: 0.0030
       Curriculum/head_pose_bias_weight: 0.0000
             Metrics/twist/error_vel_xy: 0.0310
            Metrics/twist/error_vel_yaw: 0.1738
           Episode_Termination/time_out: 0.0000
          Episode_Termination/fell_over: 108.9167
Episode_Termination/out_of_terrain_bounds: 0.0000
          Episode_Termination/nan_state: 0.0000
          Metrics/angular_momentum_mean: 0.0111
                  Metrics/air_time_mean: 0.0638
               Metrics/peak_height_mean: 0.0113
             Metrics/slip_velocity_mean: 0.0971
--------------------------------------------------------------------------------
                         Iteration time: 120.15s
                           Time elapsed: 00:19:51
                                    ETA: 00:00:00

